============================= test session starts =============================
platform win32 -- Python 3.13.7, pytest-7.4.3, pluggy-1.6.0 -- C:\Users\Ashuu\AppData\Local\Programs\Python\Python313\python.exe
cachedir: .pytest_cache
hypothesis profile 'default' -> database=DirectoryBasedExampleDatabase(WindowsPath('C:/Users/Ashuu/Documents/Sem 3/Projects/OJT2/.hypothesis/examples'))
rootdir: C:\Users\Ashuu\Documents\Sem 3\Projects\OJT2
configfile: pytest.ini
plugins: anyio-3.7.1, hypothesis-6.92.1
collecting ... collected 3 items

tests/test_setup.py::test_app_exists PASSED                              [ 33%]
tests/test_setup.py::test_root_endpoint PASSED                           [ 66%]
tests/test_setup.py::test_health_endpoint PASSED                         [100%]

============================== warnings summary ===============================
app\api_models.py:13
  C:\Users\Ashuu\Documents\Sem 3\Projects\OJT2\app\api_models.py:13: PydanticDeprecatedSince20: Support for class-based `config` is deprecated, use ConfigDict instead. Deprecated in Pydantic V2.0 to be removed in V3.0. See Pydantic V2 Migration Guide at https://errors.pydantic.dev/2.12/migration/
    class RegisterRequest(BaseModel):

app\api_models.py:28
  C:\Users\Ashuu\Documents\Sem 3\Projects\OJT2\app\api_models.py:28: PydanticDeprecatedSince20: Support for class-based `config` is deprecated, use ConfigDict instead. Deprecated in Pydantic V2.0 to be removed in V3.0. See Pydantic V2 Migration Guide at https://errors.pydantic.dev/2.12/migration/
    class LoginRequest(BaseModel):

app\api_models.py:43
  C:\Users\Ashuu\Documents\Sem 3\Projects\OJT2\app\api_models.py:43: PydanticDeprecatedSince20: Support for class-based `config` is deprecated, use ConfigDict instead. Deprecated in Pydantic V2.0 to be removed in V3.0. See Pydantic V2 Migration Guide at https://errors.pydantic.dev/2.12/migration/
    class TokenResponse(BaseModel):

app\api_models.py:59
  C:\Users\Ashuu\Documents\Sem 3\Projects\OJT2\app\api_models.py:59: PydanticDeprecatedSince20: Support for class-based `config` is deprecated, use ConfigDict instead. Deprecated in Pydantic V2.0 to be removed in V3.0. See Pydantic V2 Migration Guide at https://errors.pydantic.dev/2.12/migration/
    class LicenseMatch(BaseModel):

app\api_models.py:80
  C:\Users\Ashuu\Documents\Sem 3\Projects\OJT2\app\api_models.py:80: PydanticDeprecatedSince20: Support for class-based `config` is deprecated, use ConfigDict instead. Deprecated in Pydantic V2.0 to be removed in V3.0. See Pydantic V2 Migration Guide at https://errors.pydantic.dev/2.12/migration/
    class ScanRequest(BaseModel):

app\api_models.py:93
  C:\Users\Ashuu\Documents\Sem 3\Projects\OJT2\app\api_models.py:93: PydanticDeprecatedSince20: Support for class-based `config` is deprecated, use ConfigDict instead. Deprecated in Pydantic V2.0 to be removed in V3.0. See Pydantic V2 Migration Guide at https://errors.pydantic.dev/2.12/migration/
    class ScanResult(BaseModel):

app\api_models.py:122
  C:\Users\Ashuu\Documents\Sem 3\Projects\OJT2\app\api_models.py:122: PydanticDeprecatedSince20: Support for class-based `config` is deprecated, use ConfigDict instead. Deprecated in Pydantic V2.0 to be removed in V3.0. See Pydantic V2 Migration Guide at https://errors.pydantic.dev/2.12/migration/
    class ComplianceReport(BaseModel):

main.py:122
  C:\Users\Ashuu\Documents\Sem 3\Projects\OJT2\main.py:122: DeprecationWarning: 
          on_event is deprecated, use lifespan event handlers instead.
  
          Read more about it in the
          [FastAPI docs for Lifespan Events](https://fastapi.tiangolo.com/advanced/events/).
          
    @app.on_event("startup")

..\..\..\..\AppData\Local\Programs\Python\Python313\Lib\site-packages\fastapi\applications.py:4547
  C:\Users\Ashuu\AppData\Local\Programs\Python\Python313\Lib\site-packages\fastapi\applications.py:4547: DeprecationWarning: 
          on_event is deprecated, use lifespan event handlers instead.
  
          Read more about it in the
          [FastAPI docs for Lifespan Events](https://fastapi.tiangolo.com/advanced/events/).
          
    return self.router.on_event(event_type)

-- Docs: https://docs.pytest.org/en/stable/how-to/capture-warnings.html
======================== 3 passed, 9 warnings in 1.71s ========================
